// Jest Snapshot v1, https://goo.gl/fbAQLP

exports[`App component renders App 1`] = `
<DocumentFragment>
  <main
    class="root"
  >
    <header
      class="MuiPaper-root MuiAppBar-root MuiAppBar-positionFixed MuiAppBar-colorTransparent makeStyles-root-1 mui-fixed MuiPaper-elevation4"
    >
      <div
        class="makeStyles-drawerContainer-2"
      >
        <button
          class="MuiButtonBase-root MuiIconButton-root makeStyles-iconButton-8"
          tabindex="0"
          type="button"
        >
          <span
            class="MuiIconButton-label"
          >
            <svg
              aria-hidden="true"
              class="MuiSvgIcon-root makeStyles-icon-7"
              focusable="false"
              viewBox="0 0 24 24"
            >
              <path
                d="M2 15.5v2h20v-2H2zm0-5v2h20v-2H2zm0-5v2h20v-2H2z"
              />
            </svg>
          </span>
          <span
            class="MuiTouchRipple-root"
          />
        </button>
      </div>
    </header>
    <section>
      <section
        class="MuiContainer-root makeStyles-root-10 MuiContainer-disableGutters"
        id="section-home"
      >
        <div
          class="MuiBox-root MuiBox-root-13 makeStyles-contentContainer-11"
        >
          <h3
            class="MuiTypography-root MuiTypography-h3"
          >
            Hello, I'm
          </h3>
          <h1
            class="MuiTypography-root MuiTypography-h1"
          >
            David Butler
          </h1>
          <h3
            class="MuiTypography-root makeStyles-title-12 MuiTypography-h3"
            style="font-weight: 100;"
          >
            Software Engineer
          </h3>
        </div>
      </section>
      <section
        class="root"
        id="section-about"
      />
      <section
        class="root"
        id="section-portfolio"
      />
      <section
        class="root"
        id="section-resume"
      />
      <section
        class="root"
        id="section-contact"
      />
    </section>
  </main>
</DocumentFragment>
`;
