// Jest Snapshot v1, https://goo.gl/fbAQLP

exports[`App component renders App 1`] = `
<DocumentFragment>
  <div
    class="root"
  >
    <header
      class="MuiPaper-root MuiAppBar-root MuiAppBar-positionFixed MuiAppBar-colorPrimary makeStyles-root-1 mui-fixed MuiPaper-elevation4"
    >
      <div
        class="MuiToolbar-root MuiToolbar-regular makeStyles-toolbar-2 MuiToolbar-gutters"
      >
        <a
          class="MuiTypography-root MuiLink-root MuiLink-underlineHover makeStyles-link-3 MuiTypography-colorPrimary"
          href="/#section-home"
        >
          Home
        </a>
        <a
          class="MuiTypography-root MuiLink-root MuiLink-underlineHover makeStyles-link-3 MuiTypography-colorPrimary"
          href="/about#section-about"
        >
          About
        </a>
        <a
          class="MuiTypography-root MuiLink-root MuiLink-underlineHover makeStyles-link-3 MuiTypography-colorPrimary"
          href="/portfolio#section-portfolio"
        >
          Projects
        </a>
        <a
          class="MuiTypography-root MuiLink-root MuiLink-underlineHover makeStyles-link-3 MuiTypography-colorPrimary"
          href="/resume#section-resume"
        >
          Resume
        </a>
        <a
          class="MuiTypography-root MuiLink-root MuiLink-underlineHover makeStyles-link-3 MuiTypography-colorPrimary"
          href="/contact#section-contact"
        >
          Contact
        </a>
      </div>
    </header>
    <main>
      <section
        class="root"
        id="section-home"
      />
      <section
        class="root"
        id="section-about"
      />
      <section
        class="root"
        id="section-portfolio"
      />
      <section
        class="root"
        id="section-resume"
      />
      <section
        class="root"
        id="section-contact"
      />
    </main>
  </div>
</DocumentFragment>
`;
